// Jest Snapshot v1, https://goo.gl/fbAQLP

exports[`<Date/> should render the component 1`] = `<div class="date">Friday, 3 April 2020</div>`;
