// Jest Snapshot v1, https://goo.gl/fbAQLP

exports[`<Favorites/> should render the component 1`] = `
<page-stub pagetitle="FAVORITES" buttonlabel="See all events">
  <div>
    <eventslist-stub></eventslist-stub>
  </div>
</page-stub>
`;
