// Jest Snapshot v1, https://goo.gl/fbAQLP

exports[`Home should render the component 1`] = `
<div class="home">
  <div class="home__menu">
    <div data-suggest-button="" class="home__menu__item">
      Browse suggestions
    </div>
  </div>
</div>
`;
